../Core/Src/main.c:114:5:main	32	static
../Core/Src/main.c:267:6:SystemClock_Config	88	static
../Core/Src/main.c:322:13:MX_ADC1_Init	40	static
../Core/Src/main.c:421:13:MX_ADC2_Init	24	static
../Core/Src/main.c:506:13:MX_ADC3_Init	24	static
../Core/Src/main.c:592:13:MX_SPI3_Init	8	static
../Core/Src/main.c:630:13:MX_TIM1_Init	96	static
../Core/Src/main.c:711:13:MX_DMA_Init	16	static
../Core/Src/main.c:729:13:MX_GPIO_Init	48	static
../Core/Src/main.c:771:6:Error_Handler	4	static,ignoring_inline_asm
