../Core/Src/main.c:91:5:main	24	static
../Core/Src/main.c:175:6:SystemClock_Config	88	static
../Core/Src/main.c:223:13:MX_ADC1_Init	40	static
../Core/Src/main.c:322:13:MX_ADC2_Init	24	static
../Core/Src/main.c:407:13:MX_ADC3_Init	24	static
../Core/Src/main.c:493:13:MX_SPI3_Init	8	static
../Core/Src/main.c:531:13:MX_TIM1_Init	96	static
../Core/Src/main.c:614:13:MX_DMA_Init	16	static
../Core/Src/main.c:632:13:MX_GPIO_Init	48	static
../Core/Src/main.c:674:6:Error_Handler	4	static,ignoring_inline_asm
